// Jest Snapshot v1, https://goo.gl/fbAQLP

exports[`Radio Button should render correctly with menu 1`] = `
<Component
  id="radio"
  name="radio-test"
  onChange={[MockFunction]}
>
  <label
    className="m-2 block relative select-none text-md cursor-pointer pl-8 react-ui-radio-label"
  >
    radio
    <input
      className="h-0 w-0 absolute opacity-0 react-ui-radio"
      disabled={false}
      id="radio"
      name="radio-test"
      onChange={[MockFunction]}
      type="radio"
    />
    <span
      className="top-0 left-0 absolute bg-gray-400 rounded-full h-6 w-6 p-2 checkmark-md react-ui-radio-checkmark"
    />
  </label>
</Component>
`;
